[Script Info]
ScriptType: v4.00+
Collisions: Normal
PlayResX: 1920
PlayResY: 1080
WrapStyle: 1

[V4+ Styles]
Format: Name, Fontname, Fontsize, PrimaryColour, SecondaryColour, OutlineColour, BackColour, Bold, Italic, Underline, StrikeOut, ScaleX, ScaleY, Spacing, Angle, BorderStyle, Outline, Shadow, Alignment, MarginL, MarginR, MarginV, Encoding
Style: Default,Meiryo,48,&H00FFFFFF,&H000000FF,&H00000000,&H64000000,0,0,0,0,100,100,0,0,1,2,0,2,15,15,10,1

[Events]
Format: Layer, Start, End, Style, Name, MarginL, MarginR, MarginV, Effect, Text
Dialogue: 0,00:00:00.00,00:00:01.23,Default,,0,0,0,,Hello, world.
Dialogue: 0,00:00:01.50,00:00:04.00,Default,,0,0,0,,こんにちは、世界。\NThis line wraps.
Dialogue: 0,00:00:04.00,00:00:04.05,Default,,0,0,0,,!
Dialogue: 0,00:00:10.00,00:00:12.50,Default,,0,0,0,,日本語と English の混在テスト
Dialogue: 0,00:59:59.50,01:00:01.25,Default,,0,0,0,,Crossing the hour boundary.
